# System Utilities =============================================================
gksu
gnome-tweak-tool
gparted
network-manager-openvpn-gnome
ppa-purge
ubuntu-restricted-extras
unetbootin
unity-tweak-tool

# Command Line Utilities =======================================================
htop
nano
realpath
screen
w3m

# Services =====================================================================
openssh-server
rdesktop

# Development Tools ============================================================
build-essential
codeblocks 
filezilla
lamp-server^
meld 
monodevelop 
monodoc-manual 
mysql-workbench
nodejs
nodejs-legacy
npm
openjdk-7-jdk
openjdk-7-jre
php5-cli
redis-server
subversion 
tilda
vagrant
vim

# Graphics =====================================================================
gimp
inkscape
krita
rawtherapee

# Internet =====================================================================
midori
pidgin
skype

# Media ========================================================================
audacious 
audacity
vlc

# Utilities ====================================================================
compizconfig-settings-manager
compiz-plugins
conduit
keepassx
kupfer
p7zip-full
