# System Utilities =============================================================
gksu
gnome-tweak-tool
gparted
network-manager-openvpn-gnome
ppa-purge
ubuntu-restricted-extras
unetbootin
unity-tweak-tool

# Command Line Utilities =======================================================
htop
nano
realpath
screen
tmux
w3m
whois

# Services =====================================================================
openssh-server
rdesktop

# Development Tools ============================================================
build-essential
codeblocks 
filezilla
lamp-server^
meld 
monodevelop 
monodoc-manual 
mysql-workbench
npm
nodejs
nodejs-legacy
openjdk-7-jdk
openjdk-7-jre
redis-server
subversion 
tilda
vagrant
vim

# Graphics =====================================================================
gimp
inkscape
krita
rawtherapee

# Internet =====================================================================
midori
skype

# Media ========================================================================
audacious 
audacity
vlc

# Utilities ====================================================================
compizconfig-settings-manager
compiz-plugins
grsync
keepassx
kupfer
p7zip-full
